
> telexph-client@1.0.0 dev
> npm run images && vite


> telexph-client@1.0.0 images
> node scripts/generate-image-variants.mjs


sources: 272 files, 305.5 MB
variants: 0 written, 683 up-to-date, 34.0 MB total

  [32m[1mVITE[22m v6.4.3[39m  [2mready in [0m[1m497[22m[2m[0m ms[22m

  [32m➜[39m  [1mLocal[22m:   [36mhttp://localhost:[1m5173[22m/[39m
[2m  [32m➜[39m  [1mNetwork[22m[2m: use [22m[1m--host[22m[2m to expose[22m
[2m11:24:39 AM[22m [31m[1m[vite][22m[39m [31mhttp proxy error: /api/activity-logs/unread-count[39m
Error: connect ECONNREFUSED 127.0.0.1:5000
    at TCPConnectWrap.afterConnect [as oncomplete] (node:net:1637:16)
[2m11:25:09 AM[22m [36m[1m[vite][22m[39m [90m[2m(client)[22m[39m [32mhmr update [39m[2m/src/pages/admin/dashboard/admin-management/add/AddAdmin.jsx, /src/globals.css[22m
[2m11:25:12 AM[22m [36m[1m[vite][22m[39m [90m[2m(client)[22m[39m [32mhmr update [39m[2m/src/pages/admin/dashboard/admin-management/add/AddAdmin.jsx, /src/globals.css[22m
[2m11:25:22 AM[22m [36m[1m[vite][22m[39m [90m[2m(client)[22m[39m [32mhmr update [39m[2m/src/pages/admin/dashboard/admin-management/add/AddAdmin.jsx, /src/globals.css[22m
[2m11:29:02 AM[22m [36m[1m[vite][22m[39m [90m[2m(client)[22m[39m [32mpage reload [39m[2msrc/pages/admin/dashboard/Applicants/ApplicantsList.jsx[22m
[2m11:29:06 AM[22m [36m[1m[vite][22m[39m [90m[2m(client)[22m[39m [32mpage reload [39m[2msrc/pages/Resources/DetailsHeader.jsx[22m
[2m11:29:10 AM[22m [36m[1m[vite][22m[39m [90m[2m(client)[22m[39m [32mpage reload [39m[2msrc/pages/admin/dashboard/dashboard/RecentTransactions.jsx[22m
[2m11:29:11 AM[22m [36m[1m[vite][22m[39m [90m[2m(client)[22m[39m [32mpage reload [39m[2msrc/pages/Blogs/BlogsArticle.jsx[22m
[2m11:29:13 AM[22m [36m[1m[vite][22m[39m [90m[2m(client)[22m[39m [32mpage reload [39m[2msrc/pages/admin/dashboard/blogs/EditBlogs.jsx[22m
[2m11:29:16 AM[22m [36m[1m[vite][22m[39m [90m[2m(client)[22m[39m [32mpage reload [39m[2msrc/pages/admin/dashboard/blogs/AddBlogs.jsx[22m
[2m11:29:17 AM[22m [36m[1m[vite][22m[39m [90m[2m(client)[22m[39m [32mpage reload [39m[2msrc/pages/admin/dashboard/Appointment/Appointment.jsx[22m
[2m11:29:19 AM[22m [36m[1m[vite][22m[39m [90m[2m(client)[22m[39m [32mpage reload [39m[2msrc/pages/Services/ServiceFeatures.jsx[22m
[2m11:29:20 AM[22m [36m[1m[vite][22m[39m [90m[2m(client)[22m[39m [32mpage reload [39m[2msrc/pages/Resources/CaseStudiesFilter.jsx[22m
[2m11:29:22 AM[22m [36m[1m[vite][22m[39m [90m[2m(client)[22m[39m [32mhmr update [39m[2m/src/pages/admin/dashboard/MiniActivityLogs.jsx, /src/globals.css[22m
[2m11:29:23 AM[22m [36m[1m[vite][22m[39m [90m[2m(client)[22m[39m [32mhmr update [39m[2m/src/pages/admin/dashboard/MiniActivityLogs.jsx, /src/globals.css[22m
[2m11:29:25 AM[22m [36m[1m[vite][22m[39m [90m[2m(client)[22m[39m [32mhmr update [39m[2m/src/pages/admin/dashboard/Layout.jsx, /src/globals.css[22m
[2m11:29:25 AM[22m [36m[1m[vite][22m[39m [90m[2m(client)[22m[39m [33mhmr invalidate [39m[2m/src/pages/admin/dashboard/Layout.jsx[22m Could not Fast Refresh ("useDarkMode" export is incompatible). Learn more at https://github.com/vitejs/vite-plugin-react/tree/main/packages/plugin-react#consistent-components-exports
[2m11:29:25 AM[22m [36m[1m[vite][22m[39m [90m[2m(client)[22m[39m [32mhmr update [39m[2m/src/App.jsx, /src/globals.css, /src/pages/admin/dashboard/AdminDashboard.jsx, /src/pages/admin/dashboard/admin-management/add/AddAdmin.jsx[22m
[2m11:29:26 AM[22m [36m[1m[vite][22m[39m [90m[2m(client)[22m[39m [32mpage reload [39m[2msrc/pages/admin/dashboard/CaseStudies/useCaseStudies.js[22m
[2m11:29:27 AM[22m [36m[1m[vite][22m[39m [90m[2m(client)[22m[39m [32mpage reload [39m[2msrc/pages/admin/dashboard/CaseStudies/CaseStudies.jsx[22m
[2m11:29:28 AM[22m [36m[1m[vite][22m[39m [90m[2m(client)[22m[39m [32mpage reload [39m[2msrc/pages/admin/dashboard/blogs/ListsBlogs.jsx[22m
[2m11:29:29 AM[22m [36m[1m[vite][22m[39m [90m[2m(client)[22m[39m [32mpage reload [39m[2msrc/pages/admin/dashboard/Archive/ListArchivedServices.jsx[22m
[2m11:29:30 AM[22m [36m[1m[vite][22m[39m [90m[2m(client)[22m[39m [32mpage reload [39m[2msrc/pages/admin/dashboard/admin-management/ListAdmin.jsx[22m
[2m11:29:31 AM[22m [36m[1m[vite][22m[39m [90m[2m(client)[22m[39m [32mpage reload [39m[2msrc/pages/admin/dashboard/admin-management/EditAdmin.jsx[22m
[2m11:29:33 AM[22m [36m[1m[vite][22m[39m [90m[2m(client)[22m[39m [32mpage reload [39m[2msrc/pages/admin/dashboard/ActivityLogs/ActivityLogs.jsx[22m
[2m11:29:34 AM[22m [36m[1m[vite][22m[39m [90m[2m(client)[22m[39m [32mpage reload [39m[2msrc/pages/admin/dashboard/ActivityLogs/ActivityLogs.jsx[22m
[2m11:29:36 AM[22m [36m[1m[vite][22m[39m [90m[2m(client)[22m[39m [32mhmr update [39m[2m/src/components/Services/Services.jsx, /src/globals.css[22m
[2m11:29:37 AM[22m [36m[1m[vite][22m[39m [90m[2m(client)[22m[39m [32mpage reload [39m[2msrc/pages/client/dashboard/Appointments/clientAppointments.jsx[22m
[2m11:29:38 AM[22m [36m[1m[vite][22m[39m [90m[2m(client)[22m[39m [32mpage reload [39m[2msrc/pages/client/dashboard/AccountSettings/accountSettings.jsx[22m
[2m11:29:45 AM[22m [36m[1m[vite][22m[39m [90m[2m(client)[22m[39m [32mpage reload [39m[2msrc/lib/api/casestudies.js[22m
[2m11:30:02 AM[22m [36m[1m[vite][22m[39m [90m[2m(client)[22m[39m [32mpage reload [39m[2msrc/pages/admin/dashboard/Services/ListServices.jsx[22m
[2m11:30:53 AM[22m [31m[1m[vite][22m[39m [31mhttp proxy error: /api/users[39m
Error: connect ECONNREFUSED 127.0.0.1:5000
    at TCPConnectWrap.afterConnect [as oncomplete] (node:net:1637:16)
npm notice
npm notice New minor version of npm available! 11.6.2 -> 11.19.0
npm notice Changelog: https://github.com/npm/cli/releases/tag/v11.19.0
npm notice To update run: npm install -g npm@11.19.0
npm notice
